******************************************************************************
                  TI ARM Linker PC v5.2.7                      
******************************************************************************
>> Linked Thu Mar 24 18:23:36 2016

OUTPUT FILE NAME:   <Challenge2.out>
ENTRY POINT SYMBOL: "_c_int00"  address: 00000b85


MEMORY CONFIGURATION

         name            origin    length      used     unused   attr    fill
----------------------  --------  ---------  --------  --------  ----  --------
  MAIN                  00000000   00040000  00000e34  0003f1cc  R  X
  INFO                  00200000   00004000  00000000  00004000  R  X
  SRAM_CODE             01000000   00010000  00000000  00010000  RW X
  SRAM_DATA             20000000   00010000  00000248  0000fdb8  RW  


SEGMENT ALLOCATION MAP

run origin  load origin   length   init length attrs members
----------  ----------- ---------- ----------- ----- -------
00000000    00000000    00000e34   00000e34    r-x
  00000000    00000000    00000140   00000140    r-- .intvecs
  00000140    00000140    00000c60   00000c60    r-x .text
  00000da0    00000da0    00000040   00000040    r-- .const
  00000de0    00000de0    00000054   00000054    r-- .cinit
20000000    20000000    00000048   00000000    rw-
  20000000    20000000    00000048   00000000    rw- .data
2000fe00    2000fe00    00000200   00000000    rw-
  2000fe00    2000fe00    00000200   00000000    rw- .stack


SECTION ALLOCATION MAP

 output                                  attributes/
section   page    origin      length       input sections
--------  ----  ----------  ----------   ----------------
.intvecs   0    00000000    00000140     
                  00000000    00000140     startup_msp432p401r_ccs.obj (.intvecs:retain)

.text      0    00000140    00000c60     
                  00000140    00000328     system_msp432p401r.obj (.text)
                  00000468    0000031c     main.obj (.text)
                  00000784    00000154     msp432p4xx_driverlib.lib : adc14.o (.text:_getIndexForMemRegister)
                  000008d8    0000009c     rtsv7M4_T_le_v4SPD16_eabi.lib : memcpy_t2.obj (.text)
                  00000974    0000007a                                   : memset_t2.obj (.text)
                  000009ee    00000002     --HOLE-- [fill = 0]
                  000009f0    0000006c                                   : autoinit.obj (.text)
                  00000a5c    0000006a                                   : copy_decompress_rle.obj (.text)
                  00000ac6    00000002     --HOLE-- [fill = 0]
                  00000ac8    00000064     msp432p4xx_driverlib.lib : interrupt.o (.text:Interrupt_enableInterrupt)
                  00000b2c    00000058     startup_msp432p401r_ccs.obj (.text)
                  00000b84    00000050     rtsv7M4_T_le_v4SPD16_eabi.lib : boot.obj (.text)
                  00000bd4    0000004c                                   : cpy_tbl.obj (.text)
                  00000c20    00000048     msp432p4xx_driverlib.lib : gpio.o (.text:GPIO_setAsPeripheralModuleFunctionInputPin)
                  00000c68    00000044                              : adc14.o (.text:ADC14_configureSingleSampleMode)
                  00000cac    00000044     rtsv7M4_T_le_v4SPD16_eabi.lib : exit.obj (.text)
                  00000cf0    00000024     msp432p4xx_driverlib.lib : cs.o (.text:CS_setDCOCenteredFrequency)
                  00000d14    00000020                              : adc14.o (.text:ADC14_clearInterruptFlag)
                  00000d34    00000018     rtsv7M4_T_le_v4SPD16_eabi.lib : args_main.obj (.text)
                  00000d4c    00000014     msp432p4xx_driverlib.lib : adc14.o (.text:ADCIsConversionRunning)
                  00000d60    00000014                              : interrupt.o (.text:Interrupt_disableSleepOnIsrExit)
                  00000d74    00000014     rtsv7M4_T_le_v4SPD16_eabi.lib : _lock.obj (.text)
                  00000d88    0000000e                                   : copy_decompress_none.obj (.text:decompress:none)
                  00000d96    00000006                                   : copy_decompress_rle.obj (.text:decompress:rle24)
                  00000d9c    00000004                                   : pre_init.obj (.text)

.const     0    00000da0    00000040     
                  00000da0    00000040     msp432p4xx_driverlib.lib : interrupt.o (.const)

.cinit     0    00000de0    00000054     
                  00000de0    00000041     (.cinit..data.load) [load image, compression = rle]
                  00000e21    00000003     --HOLE-- [fill = 0]
                  00000e24    00000008     (__TI_handler_table)
                  00000e2c    00000008     (__TI_cinit_table)

.init_array 
*          0    00000000    00000000     UNINITIALIZED

.data      0    20000000    00000048     UNINITIALIZED
                  20000000    00000030     msp432p4xx_driverlib.lib : gpio.o (.data:GPIO_PORT_TO_BASE)
                  20000030    00000008     rtsv7M4_T_le_v4SPD16_eabi.lib : _lock.obj (.data)
                  20000038    00000008                                   : exit.obj (.data)
                  20000040    00000004                                   : stkdepth_vars.obj (.data)
                  20000044    00000004     system_msp432p401r.obj (.data)

.TI.persistent 
*          0    20000000    00000000     UNINITIALIZED

.stack     0    2000fe00    00000200     UNINITIALIZED
                  2000fe00    00000200     --HOLE--


LINKER GENERATED COPY TABLES

__TI_cinit_table @ 00000e2c records: 1, size/record: 8, table size: 8
	.data: load addr=00000de0, load size=00000041 bytes, run addr=20000000, run size=00000048 bytes, compression=rle


LINKER GENERATED HANDLER TABLE

__TI_handler_table @ 00000e24 records: 2, size/record: 4, table size: 8
	index: 0, handler: __TI_decompress_rle24
	index: 1, handler: __TI_decompress_none


GLOBAL SYMBOLS: SORTED ALPHABETICALLY BY Name 

address   name                                      
-------   ----                                      
00000d15  ADC14_clearInterruptFlag                  
00000c69  ADC14_configureSingleSampleMode           
00000cad  C$$EXIT                                   
00000cf1  CS_setDCOCenteredFrequency                
00000c21  GPIO_setAsPeripheralModuleFunctionInputPin
00000d61  Interrupt_disableSleepOnIsrExit           
00000ac9  Interrupt_enableInterrupt                 
UNDEFED   SHT$$INIT_ARRAY$$Base                     
UNDEFED   SHT$$INIT_ARRAY$$Limit                    
00000671  Step5ConfigureRtcUsingRegisterAccess      
000006a1  Step6ConfigureADC14UsingDriverLib         
20000044  SystemCoreClock                           
00000141  SystemCoreClockUpdate                     
000003b5  SystemInit                                
4000480c  WDTCTL_SYM                                
20010000  __STACK_END                               
00000200  __STACK_SIZE                              
00000e2c  __TI_CINIT_Base                           
00000e34  __TI_CINIT_Limit                          
00000e24  __TI_Handler_Table_Base                   
00000e2c  __TI_Handler_Table_Limit                  
000009f1  __TI_auto_init                            
20000038  __TI_cleanup_ptr                          
00000d89  __TI_decompress_none                      
00000d97  __TI_decompress_rle24                     
2000003c  __TI_dtors_ptr                            
00000000  __TI_static_base__                        
00000975  __aeabi_memclr                            
00000975  __aeabi_memclr4                           
00000975  __aeabi_memclr8                           
000008d9  __aeabi_memcpy                            
000008d9  __aeabi_memcpy4                           
000008d9  __aeabi_memcpy8                           
00000977  __aeabi_memset                            
00000977  __aeabi_memset4                           
00000977  __aeabi_memset8                           
ffffffff  __binit__                                 
ffffffff  __c_args__                                
2000fe00  __stack                                   
00000d35  _args_main                                
00000b85  _c_int00                                  
20000030  _lock                                     
00000d83  _nop                                      
00000d7b  _register_lock                            
00000d75  _register_unlock                          
00000d9d  _system_pre_init                          
20000034  _unlock                                   
00000cb1  abort                                     
ffffffff  binit                                     
000005cd  buzzerInit                                
00000bd5  copy_in                                   
000005ab  delay                                     
00000cb9  exit                                      
000005ed  initPorts                                 
00000000  interruptVectors                          
00000469  main                                      
20000040  main_func_sp                              
000008d9  memcpy                                    
0000097d  memset                                    


GLOBAL SYMBOLS: SORTED BY Symbol Address 

address   name                                      
-------   ----                                      
00000000  __TI_static_base__                        
00000000  interruptVectors                          
00000141  SystemCoreClockUpdate                     
00000200  __STACK_SIZE                              
000003b5  SystemInit                                
00000469  main                                      
000005ab  delay                                     
000005cd  buzzerInit                                
000005ed  initPorts                                 
00000671  Step5ConfigureRtcUsingRegisterAccess      
000006a1  Step6ConfigureADC14UsingDriverLib         
000008d9  __aeabi_memcpy                            
000008d9  __aeabi_memcpy4                           
000008d9  __aeabi_memcpy8                           
000008d9  memcpy                                    
00000975  __aeabi_memclr                            
00000975  __aeabi_memclr4                           
00000975  __aeabi_memclr8                           
00000977  __aeabi_memset                            
00000977  __aeabi_memset4                           
00000977  __aeabi_memset8                           
0000097d  memset                                    
000009f1  __TI_auto_init                            
00000ac9  Interrupt_enableInterrupt                 
00000b85  _c_int00                                  
00000bd5  copy_in                                   
00000c21  GPIO_setAsPeripheralModuleFunctionInputPin
00000c69  ADC14_configureSingleSampleMode           
00000cad  C$$EXIT                                   
00000cb1  abort                                     
00000cb9  exit                                      
00000cf1  CS_setDCOCenteredFrequency                
00000d15  ADC14_clearInterruptFlag                  
00000d35  _args_main                                
00000d61  Interrupt_disableSleepOnIsrExit           
00000d75  _register_unlock                          
00000d7b  _register_lock                            
00000d83  _nop                                      
00000d89  __TI_decompress_none                      
00000d97  __TI_decompress_rle24                     
00000d9d  _system_pre_init                          
00000e24  __TI_Handler_Table_Base                   
00000e2c  __TI_CINIT_Base                           
00000e2c  __TI_Handler_Table_Limit                  
00000e34  __TI_CINIT_Limit                          
20000030  _lock                                     
20000034  _unlock                                   
20000038  __TI_cleanup_ptr                          
2000003c  __TI_dtors_ptr                            
20000040  main_func_sp                              
20000044  SystemCoreClock                           
2000fe00  __stack                                   
20010000  __STACK_END                               
4000480c  WDTCTL_SYM                                
ffffffff  __binit__                                 
ffffffff  __c_args__                                
ffffffff  binit                                     
UNDEFED   SHT$$INIT_ARRAY$$Base                     
UNDEFED   SHT$$INIT_ARRAY$$Limit                    

[59 symbols]
