******************************************************************************
                  TI ARM Linker PC v5.2.7                      
******************************************************************************
>> Linked Fri Mar 25 19:12:42 2016

OUTPUT FILE NAME:   <Challenge2.out>
ENTRY POINT SYMBOL: "_c_int00"  address: 00000e01


MEMORY CONFIGURATION

         name            origin    length      used     unused   attr    fill
----------------------  --------  ---------  --------  --------  ----  --------
  MAIN                  00000000   00040000  000012b4  0003ed4c  R  X
  INFO                  00200000   00004000  00000000  00004000  R  X
  SRAM_CODE             01000000   00010000  00000000  00010000  RW X
  SRAM_DATA             20000000   00010000  00000248  0000fdb8  RW  


SEGMENT ALLOCATION MAP

run origin  load origin   length   init length attrs members
----------  ----------- ---------- ----------- ----- -------
00000000    00000000    000012b4   000012b4    r-x
  00000000    00000000    00000140   00000140    r-- .intvecs
  00000140    00000140    000010cc   000010cc    r-x .text
  0000120c    0000120c    00000054   00000054    r-- .const
  00001260    00001260    00000054   00000054    r-- .cinit
20000000    20000000    00000048   00000000    rw-
  20000000    20000000    00000048   00000000    rw- .data
2000fe00    2000fe00    00000200   00000000    rw-
  2000fe00    2000fe00    00000200   00000000    rw- .stack


SECTION ALLOCATION MAP

 output                                  attributes/
section   page    origin      length       input sections
--------  ----  ----------  ----------   ----------------
.intvecs   0    00000000    00000140     
                  00000000    00000140     startup_msp432p401r_ccs.obj (.intvecs:retain)

.text      0    00000140    000010cc     
                  00000140    00000344     main.obj (.text)
                  00000484    00000328     system_msp432p401r.obj (.text)
                  000007ac    00000154     msp432p4xx_driverlib.lib : adc14.o (.text:_getIndexForMemRegister)
                  00000900    0000013c     HAL_OPT3001.obj (.text)
                  00000a3c    00000118     HAL_I2C.obj (.text)
                  00000b54    0000009c     rtsv7M4_T_le_v4SPD16_eabi.lib : memcpy_t2.obj (.text)
                  00000bf0    0000007a                                   : memset_t2.obj (.text)
                  00000c6a    00000002     --HOLE-- [fill = 0]
                  00000c6c    0000006c                                   : autoinit.obj (.text)
                  00000cd8    0000006a                                   : copy_decompress_rle.obj (.text)
                  00000d42    00000002     --HOLE-- [fill = 0]
                  00000d44    00000064     msp432p4xx_driverlib.lib : interrupt.o (.text:Interrupt_enableInterrupt)
                  00000da8    00000058     startup_msp432p401r_ccs.obj (.text)
                  00000e00    00000050     rtsv7M4_T_le_v4SPD16_eabi.lib : boot.obj (.text)
                  00000e50    0000004c     msp432p4xx_driverlib.lib : gpio.o (.text:GPIO_setAsPeripheralModuleFunctionOutputPin)
                  00000e9c    0000004c     rtsv7M4_T_le_v4SPD16_eabi.lib : cpy_tbl.obj (.text)
                  00000ee8    00000048     msp432p4xx_driverlib.lib : gpio.o (.text:GPIO_setAsPeripheralModuleFunctionInputPin)
                  00000f30    00000044                              : adc14.o (.text:ADC14_configureSingleSampleMode)
                  00000f74    00000044     rtsv7M4_T_le_v4SPD16_eabi.lib : exit.obj (.text)
                  00000fb8    00000040     msp432p4xx_driverlib.lib : i2c.o (.text:I2C_masterSendMultiByteFinish)
                  00000ff8    0000003e                              : i2c.o (.text:I2C_initMaster)
                  00001036    00000002     --HOLE-- [fill = 0]
                  00001038    00000038                              : i2c.o (.text:I2C_masterSendMultiByteStart)
                  00001070    00000030                              : i2c.o (.text:I2C_masterReceiveMultiByteFinish)
                  000010a0    00000030                              : i2c.o (.text:I2C_masterSendMultiByteStop)
                  000010d0    00000024                              : cs.o (.text:CS_setDCOCenteredFrequency)
                  000010f4    00000024                              : i2c.o (.text:I2C_masterSendMultiByteNext)
                  00001118    00000020                              : adc14.o (.text:ADC14_clearInterruptFlag)
                  00001138    00000018     rtsv7M4_T_le_v4SPD16_eabi.lib : args_main.obj (.text)
                  00001150    00000014     msp432p4xx_driverlib.lib : adc14.o (.text:ADCIsConversionRunning)
                  00001164    00000014                              : i2c.o (.text:I2C_isBusBusy)
                  00001178    00000014                              : interrupt.o (.text:Interrupt_disableSleepOnIsrExit)
                  0000118c    00000014     rtsv7M4_T_le_v4SPD16_eabi.lib : _lock.obj (.text)
                  000011a0    00000010     msp432p4xx_driverlib.lib : i2c.o (.text:I2C_masterReceiveStart)
                  000011b0    0000000e                              : i2c.o (.text:I2C_clearInterruptFlag)
                  000011be    0000000e                              : i2c.o (.text:I2C_setMode)
                  000011cc    0000000e     rtsv7M4_T_le_v4SPD16_eabi.lib : copy_decompress_none.obj (.text:decompress:none)
                  000011da    0000000c     msp432p4xx_driverlib.lib : i2c.o (.text:I2C_disableModule)
                  000011e6    0000000c                              : i2c.o (.text:I2C_enableModule)
                  000011f2    00000006                              : i2c.o (.text:I2C_getInterruptStatus)
                  000011f8    00000006                              : i2c.o (.text:I2C_masterReceiveMultiByteNext)
                  000011fe    00000006     rtsv7M4_T_le_v4SPD16_eabi.lib : copy_decompress_rle.obj (.text:decompress:rle24)
                  00001204    00000004     msp432p4xx_driverlib.lib : i2c.o (.text:I2C_setSlaveAddress)
                  00001208    00000004     rtsv7M4_T_le_v4SPD16_eabi.lib : pre_init.obj (.text)

.const     0    0000120c    00000054     
                  0000120c    00000040     msp432p4xx_driverlib.lib : interrupt.o (.const)
                  0000124c    00000014     HAL_I2C.obj (.const)

.cinit     0    00001260    00000054     
                  00001260    00000041     (.cinit..data.load) [load image, compression = rle]
                  000012a1    00000003     --HOLE-- [fill = 0]
                  000012a4    00000008     (__TI_handler_table)
                  000012ac    00000008     (__TI_cinit_table)

.init_array 
*          0    00000000    00000000     UNINITIALIZED

.data      0    20000000    00000048     UNINITIALIZED
                  20000000    00000030     msp432p4xx_driverlib.lib : gpio.o (.data:GPIO_PORT_TO_BASE)
                  20000030    00000008     rtsv7M4_T_le_v4SPD16_eabi.lib : _lock.obj (.data)
                  20000038    00000008                                   : exit.obj (.data)
                  20000040    00000004                                   : stkdepth_vars.obj (.data)
                  20000044    00000004     system_msp432p401r.obj (.data)

.TI.persistent 
*          0    20000000    00000000     UNINITIALIZED

.stack     0    2000fe00    00000200     UNINITIALIZED
                  2000fe00    00000200     --HOLE--


LINKER GENERATED COPY TABLES

__TI_cinit_table @ 000012ac records: 1, size/record: 8, table size: 8
	.data: load addr=00001260, load size=00000041 bytes, run addr=20000000, run size=00000048 bytes, compression=rle


LINKER GENERATED HANDLER TABLE

__TI_handler_table @ 000012a4 records: 2, size/record: 4, table size: 8
	index: 0, handler: __TI_decompress_rle24
	index: 1, handler: __TI_decompress_none


GLOBAL SYMBOLS: SORTED ALPHABETICALLY BY Name 

address   name                                       
-------   ----                                       
00001119  ADC14_clearInterruptFlag                   
00000f31  ADC14_configureSingleSampleMode            
00000f75  C$$EXIT                                    
000010d1  CS_setDCOCenteredFrequency                 
00000ee9  GPIO_setAsPeripheralModuleFunctionInputPin 
00000e51  GPIO_setAsPeripheralModuleFunctionOutputPin
000011b1  I2C_clearInterruptFlag                     
000011db  I2C_disableModule                          
000011e7  I2C_enableModule                           
000011f3  I2C_getInterruptStatus                     
00000a55  I2C_init                                   
00000ff9  I2C_initMaster                             
00001165  I2C_isBusBusy                              
00001071  I2C_masterReceiveMultiByteFinish           
000011f9  I2C_masterReceiveMultiByteNext             
000011a1  I2C_masterReceiveStart                     
00000fb9  I2C_masterSendMultiByteFinish              
000010f5  I2C_masterSendMultiByteNext                
00001039  I2C_masterSendMultiByteStart               
000010a1  I2C_masterSendMultiByteStop                
00000a6d  I2C_read16                                 
000011bf  I2C_setMode                                
00001205  I2C_setSlaveAddress                        
00000b37  I2C_setslave                               
00000af3  I2C_write16                                
00000a3d  Init_I2C_GPIO                              
00001179  Interrupt_disableSleepOnIsrExit            
00000d45  Interrupt_enableInterrupt                  
00000965  OPT3001_getLux                             
00000901  OPT3001_init                               
00000935  OPT3001_readConfigReg                      
00000925  OPT3001_readDeviceId                       
00000955  OPT3001_readHighLimitReg                   
00000945  OPT3001_readLowLimitReg                    
00000915  OPT3001_readManufacturerId                 
UNDEFED   SHT$$INIT_ARRAY$$Base                      
UNDEFED   SHT$$INIT_ARRAY$$Limit                     
0000036f  Step5ConfigureRtcUsingRegisterAccess       
0000039f  Step6ConfigureADC14UsingDriverLib          
20000044  SystemCoreClock                            
00000485  SystemCoreClockUpdate                      
000006f9  SystemInit                                 
4000480c  WDTCTL_SYM                                 
20010000  __STACK_END                                
00000200  __STACK_SIZE                               
000012ac  __TI_CINIT_Base                            
000012b4  __TI_CINIT_Limit                           
000012a4  __TI_Handler_Table_Base                    
000012ac  __TI_Handler_Table_Limit                   
00000c6d  __TI_auto_init                             
20000038  __TI_cleanup_ptr                           
000011cd  __TI_decompress_none                       
000011ff  __TI_decompress_rle24                      
2000003c  __TI_dtors_ptr                             
00000000  __TI_static_base__                         
00000bf1  __aeabi_memclr                             
00000bf1  __aeabi_memclr4                            
00000bf1  __aeabi_memclr8                            
00000b55  __aeabi_memcpy                             
00000b55  __aeabi_memcpy4                            
00000b55  __aeabi_memcpy8                            
00000bf3  __aeabi_memset                             
00000bf3  __aeabi_memset4                            
00000bf3  __aeabi_memset8                            
ffffffff  __binit__                                  
ffffffff  __c_args__                                 
2000fe00  __stack                                    
00001139  _args_main                                 
00000e01  _c_int00                                   
20000030  _lock                                      
0000119b  _nop                                       
00001193  _register_lock                             
0000118d  _register_unlock                           
00001209  _system_pre_init                           
20000034  _unlock                                    
00000f79  abort                                      
ffffffff  binit                                      
000002cb  buzzerInit                                 
00000e9d  copy_in                                    
000002a9  delay                                      
00000f81  exit                                       
0000124c  i2cConfig                                  
000002eb  initPorts                                  
00000000  interruptVectors                           
00000141  main                                       
20000040  main_func_sp                               
00000b55  memcpy                                     
00000bf9  memset                                     


GLOBAL SYMBOLS: SORTED BY Symbol Address 

address   name                                       
-------   ----                                       
00000000  __TI_static_base__                         
00000000  interruptVectors                           
00000141  main                                       
00000200  __STACK_SIZE                               
000002a9  delay                                      
000002cb  buzzerInit                                 
000002eb  initPorts                                  
0000036f  Step5ConfigureRtcUsingRegisterAccess       
0000039f  Step6ConfigureADC14UsingDriverLib          
00000485  SystemCoreClockUpdate                      
000006f9  SystemInit                                 
00000901  OPT3001_init                               
00000915  OPT3001_readManufacturerId                 
00000925  OPT3001_readDeviceId                       
00000935  OPT3001_readConfigReg                      
00000945  OPT3001_readLowLimitReg                    
00000955  OPT3001_readHighLimitReg                   
00000965  OPT3001_getLux                             
00000a3d  Init_I2C_GPIO                              
00000a55  I2C_init                                   
00000a6d  I2C_read16                                 
00000af3  I2C_write16                                
00000b37  I2C_setslave                               
00000b55  __aeabi_memcpy                             
00000b55  __aeabi_memcpy4                            
00000b55  __aeabi_memcpy8                            
00000b55  memcpy                                     
00000bf1  __aeabi_memclr                             
00000bf1  __aeabi_memclr4                            
00000bf1  __aeabi_memclr8                            
00000bf3  __aeabi_memset                             
00000bf3  __aeabi_memset4                            
00000bf3  __aeabi_memset8                            
00000bf9  memset                                     
00000c6d  __TI_auto_init                             
00000d45  Interrupt_enableInterrupt                  
00000e01  _c_int00                                   
00000e51  GPIO_setAsPeripheralModuleFunctionOutputPin
00000e9d  copy_in                                    
00000ee9  GPIO_setAsPeripheralModuleFunctionInputPin 
00000f31  ADC14_configureSingleSampleMode            
00000f75  C$$EXIT                                    
00000f79  abort                                      
00000f81  exit                                       
00000fb9  I2C_masterSendMultiByteFinish              
00000ff9  I2C_initMaster                             
00001039  I2C_masterSendMultiByteStart               
00001071  I2C_masterReceiveMultiByteFinish           
000010a1  I2C_masterSendMultiByteStop                
000010d1  CS_setDCOCenteredFrequency                 
000010f5  I2C_masterSendMultiByteNext                
00001119  ADC14_clearInterruptFlag                   
00001139  _args_main                                 
00001165  I2C_isBusBusy                              
00001179  Interrupt_disableSleepOnIsrExit            
0000118d  _register_unlock                           
00001193  _register_lock                             
0000119b  _nop                                       
000011a1  I2C_masterReceiveStart                     
000011b1  I2C_clearInterruptFlag                     
000011bf  I2C_setMode                                
000011cd  __TI_decompress_none                       
000011db  I2C_disableModule                          
000011e7  I2C_enableModule                           
000011f3  I2C_getInterruptStatus                     
000011f9  I2C_masterReceiveMultiByteNext             
000011ff  __TI_decompress_rle24                      
00001205  I2C_setSlaveAddress                        
00001209  _system_pre_init                           
0000124c  i2cConfig                                  
000012a4  __TI_Handler_Table_Base                    
000012ac  __TI_CINIT_Base                            
000012ac  __TI_Handler_Table_Limit                   
000012b4  __TI_CINIT_Limit                           
20000030  _lock                                      
20000034  _unlock                                    
20000038  __TI_cleanup_ptr                           
2000003c  __TI_dtors_ptr                             
20000040  main_func_sp                               
20000044  SystemCoreClock                            
2000fe00  __stack                                    
20010000  __STACK_END                                
4000480c  WDTCTL_SYM                                 
ffffffff  __binit__                                  
ffffffff  __c_args__                                 
ffffffff  binit                                      
UNDEFED   SHT$$INIT_ARRAY$$Base                      
UNDEFED   SHT$$INIT_ARRAY$$Limit                     

[88 symbols]
